// Jest Snapshot v1, https://goo.gl/fbAQLP

exports[`NotFound component should render Component 1`] = `
<div>
  <p
    className="notFoundContent"
  >
    No Data Found!!
  </p>
</div>
`;
