// Jest Snapshot v1, https://goo.gl/fbAQLP

exports[`Footer component should render Component 1`] = `
<div
  className="footerBg"
>
  <strong>
    netflix
  </strong>
  roulette
</div>
`;

exports[`Footer component should render without errors 1`] = `
<div
  className="footerBg"
>
  <strong>
    netflix
  </strong>
  roulette
</div>
`;
