// Jest Snapshot v1, https://goo.gl/fbAQLP

exports[`App Component should render Component 1`] = `<Routes />`;
